../Core/Src/main.c:85:5:main	56	static,ignoring_inline_asm
../Core/Src/main.c:196:6:SystemClock_Config	72	static
../Core/Src/main.c:233:13:MX_I2C1_Init	8	static
../Core/Src/main.c:267:13:MX_USART2_UART_Init	8	static
../Core/Src/main.c:300:13:MX_GPIO_Init	40	static
../Core/Src/main.c:327:13:task1_UART	16	static
../Core/Src/main.c:337:13:task2_UART	16	static
../Core/Src/main.c:347:13:task_LED	16	static
../Core/Src/main.c:366:1:__io_putchar	16	static
../Core/Src/main.c:385:6:StartDefaultTask	16	static
../Core/Src/main.c:403:6:task1_handler	16	static
../Core/Src/main.c:426:6:HAL_TIM_PeriodElapsedCallback	16	static
../Core/Src/main.c:443:6:Error_Handler	4	static,ignoring_inline_asm
