../Core/Src/main.c:79:5:main	48	static,ignoring_inline_asm
../Core/Src/main.c:182:6:SystemClock_Config	72	static
../Core/Src/main.c:219:13:MX_USART2_UART_Init	8	static
../Core/Src/main.c:252:13:MX_GPIO_Init	32	static
../Core/Src/main.c:278:13:task1_UART	16	static
../Core/Src/main.c:288:13:task2_UART	16	static
../Core/Src/main.c:298:13:task_LED	16	static
../Core/Src/main.c:315:1:__io_putchar	16	static
../Core/Src/main.c:334:6:StartDefaultTask	16	static
../Core/Src/main.c:352:6:task1_handler	16	static
../Core/Src/main.c:375:6:HAL_TIM_PeriodElapsedCallback	16	static
../Core/Src/main.c:392:6:Error_Handler	4	static,ignoring_inline_asm
